// Jest Snapshot v1, https://goo.gl/fbAQLP

exports[`<Page3/> snapshot 1`] = `
<div>
  <span>
    <div
      className="ant-breadcrumb"
      style={
        Object {
          "margin": "12px 0",
        }
      }
    >
      <span>
        <span
          className="ant-breadcrumb-link"
        >
          首页
        </span>
        <span
          className="ant-breadcrumb-separator"
        >
          /
        </span>
      </span>
    </div>
  </span>
  <div>
    <h2>
      添加你的名字
    </h2>
    <div
      className="add-container"
    >
      <input
        onChange={[Function]}
        type="text"
        value=""
      />
      <button
        disabled={true}
        onClick={[Function]}
        type="button"
      >
        +
      </button>
    </div>
    <div
      className="lists-box"
    >
      <h5>
         总共 
        3
         人
      </h5>
      <div
        className="person-lists"
      >
        <div>
          <li
            className="lists"
          >
            <span>
              小明
            </span>
            <div
              className="close"
              onClick={[Function]}
            >
              x
            </div>
          </li>
          <li
            className="lists"
          >
            <span>
              小红
            </span>
            <div
              className="close"
              onClick={[Function]}
            >
              x
            </div>
          </li>
          <li
            className="lists"
          >
            <span>
              安吉丽娜
            </span>
            <div
              className="close"
              onClick={[Function]}
            >
              x
            </div>
          </li>
        </div>
      </div>
    </div>
  </div>
</div>
`;
